cd src-tauri/ui && npm ci
npm warn deprecated whatwg-encoding@3.1.1: Use @exodus/bytes instead for a more spec-conformant and faster implementation

added 176 packages, and audited 177 packages in 2s

52 packages are looking for funding
  run `npm fund` for details

12 vulnerabilities (3 moderate, 9 high)

To address issues that do not require attention, run:
  npm audit fix

To address all issues (including breaking changes), run:
  npm audit fix --force

Run `npm audit` for details.
cd src-tauri/ui && npm run build

> textbrush-ui@0.1.0 build
> esbuild main.ts --bundle --outfile=bundle.js --format=esm --target=es2022 && node stage-dist.mjs


  bundle.js  327.5kb

⚡ Done in 7ms
cd src-tauri && ./ui/node_modules/.bin/tauri build --ci --target aarch64-apple-darwin
        Info Looking up installed tauri packages to check mismatched versions...
     Running beforeBuildCommand `npm run build`

> textbrush-ui@0.1.0 build
> esbuild main.ts --bundle --outfile=bundle.js --format=esm --target=es2022 && node stage-dist.mjs


  bundle.js  327.5kb

⚡ Done in 5ms
   Compiling proc-macro2 v1.0.105
   Compiling unicode-ident v1.0.22
   Compiling quote v1.0.43
   Compiling libc v0.2.179
   Compiling cfg-if v1.0.4
   Compiling serde_core v1.0.228
   Compiling zerocopy v0.8.33
   Compiling icu_properties_data v2.1.2
   Compiling icu_normalizer_data v2.1.1
   Compiling serde v1.0.228
   Compiling zmij v1.0.12
   Compiling stable_deref_trait v1.2.1
   Compiling siphasher v1.0.1
   Compiling memchr v2.7.6
   Compiling shlex v1.3.0
   Compiling find-msvc-tools v0.1.6
   Compiling smallvec v1.15.1
   Compiling phf_shared v0.11.3
   Compiling itoa v1.0.17
   Compiling siphasher v0.3.11
   Compiling cc v1.2.51
   Compiling getrandom v0.1.16
   Compiling typeid v1.0.3
   Compiling fnv v1.0.7
   Compiling thiserror v2.0.17
   Compiling erased-serde v0.4.9
   Compiling writeable v0.6.2
   Compiling syn v1.0.109
   Compiling thiserror v1.0.69
   Compiling litemap v0.8.1
   Compiling strsim v0.11.1
   Compiling ident_case v1.0.1
   Compiling serde_json v1.0.149
   Compiling getrandom v0.3.4
   Compiling phf_shared v0.8.0
   Compiling anyhow v1.0.100
   Compiling parking_lot_core v0.9.12
   Compiling proc-macro-hack v0.5.20+deprecated
   Compiling phf_shared v0.10.0
   Compiling winnow v1.0.4
   Compiling new_debug_unreachable v1.0.6
   Compiling byteorder v1.5.0
   Compiling scopeguard v1.2.0
   Compiling lock_api v0.4.14
   Compiling toml_parser v1.1.3+spec-1.1.0
   Compiling getrandom v0.2.16
   Compiling rand_core v0.6.4
   Compiling winnow v0.7.14
   Compiling toml_writer v1.0.6+spec-1.1.0
   Compiling precomputed-hash v0.1.1
   Compiling mac v0.1.1
   Compiling futf v0.1.5
   Compiling objc2-exception-helper v0.1.1
   Compiling autocfg v1.5.0
   Compiling percent-encoding v2.3.2
   Compiling utf-8 v0.7.6
   Compiling utf8_iter v1.0.4
   Compiling num-conv v0.1.0
   Compiling log v0.4.29
   Compiling dtoa v1.0.11
   Compiling bitflags v1.3.2
   Compiling time-core v0.1.6
   Compiling dtoa-short v0.3.5
   Compiling indexmap v1.9.3
   Compiling tendril v0.4.3
   Compiling form_urlencoded v1.2.2
   Compiling aho-corasick v1.1.4
   Compiling unic-char-range v0.9.0
   Compiling camino v1.2.2
   Compiling unic-common v0.9.0
   Compiling regex-syntax v0.8.8
   Compiling nodrop v0.1.14
   Compiling convert_case v0.4.0
   Compiling matches v0.1.10
   Compiling alloc-no-stdlib v2.0.4
   Compiling hashbrown v0.16.1
   Compiling equivalent v1.0.2
   Compiling alloc-stdlib v0.2.2
   Compiling servo_arc v0.2.0
   Compiling unic-ucd-version v0.9.0
   Compiling ppv-lite86 v0.2.21
   Compiling unic-char-property v0.9.0
   Compiling rand_chacha v0.3.1
   Compiling indexmap v2.12.1
   Compiling rand v0.8.5
   Compiling regex-automata v0.4.13
   Compiling phf_generator v0.11.3
   Compiling phf_codegen v0.11.3
   Compiling phf_generator v0.10.0
   Compiling fxhash v0.2.1
   Compiling phf v0.8.0
   Compiling bitflags v2.10.0
   Compiling hashbrown v0.12.3
   Compiling syn v2.0.114
   Compiling rand_core v0.5.1
   Compiling rand_chacha v0.2.2
   Compiling rand_pcg v0.2.1
   Compiling rand v0.7.3
   Compiling string_cache_codegen v0.5.4
   Compiling serde_spanned v1.0.4
   Compiling parking_lot v0.12.5
   Compiling markup5ever v0.14.1
   Compiling phf_generator v0.8.0
   Compiling phf_codegen v0.8.0
   Compiling toml_datetime v0.7.5+spec-1.1.0
   Compiling semver v1.0.27
   Compiling toml v0.9.10+spec-1.1.0
   Compiling selectors v0.24.0
   Compiling version_check v0.9.5
   Compiling uuid v1.19.0
   Compiling schemars v0.8.22
   Compiling objc2 v0.6.3
   Compiling cfb v0.7.3
   Compiling regex v1.12.2
   Compiling synstructure v0.13.2
   Compiling darling_core v0.21.3
   Compiling serde_derive_internals v0.29.1
   Compiling unic-ucd-ident v0.9.0
   Compiling brotli-decompressor v5.0.0
   Compiling same-file v1.0.6
   Compiling objc2-encode v4.1.0
   Compiling dunce v1.0.5
   Compiling bytes v1.11.0
   Compiling base64 v0.21.7
   Compiling cssparser v0.29.6
   Compiling phf_macros v0.10.0
   Compiling zerofrom-derive v0.1.6
   Compiling yoke-derive v0.8.1
   Compiling serde_derive v1.0.228
   Compiling zerovec-derive v0.11.2
   Compiling displaydoc v0.2.5
   Compiling phf_macros v0.11.3
   Compiling thiserror-impl v2.0.17
   Compiling darling_macro v0.21.3
   Compiling thiserror-impl v1.0.69
   Compiling zerofrom v0.1.6
   Compiling darling v0.21.3
   Compiling cssparser-macros v0.6.1
   Compiling phf v0.11.3
   Compiling ctor v0.2.9
   Compiling match_token v0.1.0
   Compiling derive_more v0.99.20
   Compiling schemars_derive v0.8.22
   Compiling dyn-clone v1.0.20
   Compiling serde-untagged v0.1.9
   Compiling http v1.4.0
   Compiling brotli v8.0.2
   Compiling walkdir v2.5.0
   Compiling infer v0.19.0
   Compiling glob v0.3.3
   Compiling crc32fast v1.5.0
   Compiling powerfmt v0.2.0
   Compiling deranged v0.5.5
   Compiling rustc_version v0.4.1
   Compiling quick-xml v0.38.4
   Compiling base64 v0.22.1
   Compiling option-ext v0.2.0
   Compiling typenum v1.19.0
   Compiling dirs-sys v0.5.0
   Compiling embed-resource v3.0.6
   Compiling generic-array v0.14.7
   Compiling time v0.3.44
   Compiling heck v0.5.0
   Compiling block2 v0.6.2
   Compiling phf v0.10.1
   Compiling yoke v0.8.1
   Compiling objc2-core-foundation v0.3.2
   Compiling tauri-winres v0.3.5
   Compiling dirs v6.0.0
   Compiling simd-adler32 v0.3.8
   Compiling objc2-foundation v0.3.2
   Compiling serde_with_macros v3.16.1
   Compiling time-macros v0.2.24
   Compiling serde_with v3.16.1
   Compiling crossbeam-utils v0.8.21
   Compiling raw-window-handle v0.6.2
   Compiling adler2 v2.0.1
   Compiling miniz_oxide v0.8.9
   Compiling cookie v0.18.1
   Compiling string_cache v0.8.9
   Compiling swift-rs v1.0.7
   Compiling cargo-platform v0.1.9
   Compiling jsonptr v0.6.3
   Compiling cargo_metadata v0.19.2
   Compiling json-patch v3.0.1
   Compiling plist v1.8.0
   Compiling html5ever v0.29.1
   Compiling objc2-app-kit v0.3.2
   Compiling zerovec v0.11.5
   Compiling zerotrie v0.2.3
   Compiling cargo_toml v0.22.3
   Compiling dpi v0.1.2
   Compiling core-foundation-sys v0.8.7
   Compiling core-foundation v0.10.1
   Compiling flate2 v1.1.5
   Compiling block-buffer v0.10.4
   Compiling crypto-common v0.1.7
   Compiling fdeflate v0.3.7
   Compiling foreign-types-macros v0.2.3
   Compiling toml_datetime v1.1.1+spec-1.1.0
   Compiling once_cell v1.21.3
   Compiling foreign-types-shared v0.3.1
   Compiling foreign-types v0.5.0
   Compiling png v0.17.16
   Compiling toml v1.0.6+spec-1.1.0
   Compiling digest v0.10.7
   Compiling objc2-web-kit v0.3.2
   Compiling crossbeam-channel v0.5.15
   Compiling core-graphics-types v0.2.0
   Compiling tinystr v0.8.2
   Compiling potential_utf v0.1.4
   Compiling icu_collections v2.1.1
   Compiling icu_locale_core v2.1.1
   Compiling cpufeatures v0.2.17
   Compiling wry v0.54.2
   Compiling tauri-runtime v2.10.1
   Compiling sha2 v0.10.9
   Compiling ico v0.5.0
   Compiling icu_provider v2.1.1
   Compiling kuchikiki v0.8.8-speedreader
   Compiling tauri-runtime-wry v2.10.1
   Compiling icu_normalizer v2.1.1
   Compiling icu_properties v2.1.2
   Compiling core-graphics v0.24.0
   Compiling unicode-segmentation v1.12.0
   Compiling dispatch v0.2.0
   Compiling lazy_static v1.5.0
   Compiling keyboard-types v0.7.0
   Compiling serialize-to-javascript-impl v0.1.2
   Compiling pin-project-lite v0.2.16
   Compiling window-vibrancy v0.6.0
   Compiling idna_adapter v1.2.1
   Compiling tokio v1.49.0
   Compiling serde_repr v0.1.20
   Compiling idna v1.1.0
   Compiling serialize-to-javascript v0.1.2
   Compiling rfd v0.16.0
   Compiling rustix v1.1.3
   Compiling http-range v0.1.5
   Compiling url v2.5.8
   Compiling embed_plist v1.2.2
   Compiling mime v0.3.17
   Compiling dispatch2 v0.3.0
   Compiling muda v0.17.1
   Compiling errno v0.3.14
   Compiling fastrand v2.3.0
   Compiling urlpattern v0.3.0
   Compiling tao v0.34.5
   Compiling tauri-utils v2.8.3
   Compiling tempfile v3.24.0
   Compiling tauri-build v2.5.6
   Compiling tauri-plugin v2.5.4
   Compiling tauri-codegen v2.5.5
   Compiling tauri v2.10.3
   Compiling tauri-plugin-fs v2.5.2
   Compiling tauri-macros v2.5.5
   Compiling tauri-plugin-dialog v2.7.3
   Compiling textbrush v0.1.0 (/private/tmp/textbrush-validation-4baE03/src-tauri)
    Finished `release` profile [optimized] target(s) in 1m 11s
       Built application at: /private/tmp/textbrush-validation-4baE03/src-tauri/target/aarch64-apple-darwin/release/textbrush
    Bundling Textbrush.app (/private/tmp/textbrush-validation-4baE03/src-tauri/target/aarch64-apple-darwin/release/bundle/macos/Textbrush.app)
     Signing with identity "-"
Signing with identity "-"
Signing /private/tmp/textbrush-validation-4baE03/src-tauri/target/aarch64-apple-darwin/release/bundle/macos/Textbrush.app/Contents/MacOS/textbrush
/private/tmp/textbrush-validation-4baE03/src-tauri/target/aarch64-apple-darwin/release/bundle/macos/Textbrush.app/Contents/MacOS/textbrush: replacing existing signature
Signing with identity "-"
Signing /private/tmp/textbrush-validation-4baE03/src-tauri/target/aarch64-apple-darwin/release/bundle/macos/Textbrush.app
/private/tmp/textbrush-validation-4baE03/src-tauri/target/aarch64-apple-darwin/release/bundle/macos/Textbrush.app: replacing existing signature
        Warn skipping app notarization, no APPLE_ID & APPLE_PASSWORD & APPLE_TEAM_ID or APPLE_API_KEY & APPLE_API_ISSUER & APPLE_API_KEY_PATH environment variables found
    Bundling Textbrush_0.1.0_aarch64.dmg (/private/tmp/textbrush-validation-4baE03/src-tauri/target/aarch64-apple-darwin/release/bundle/dmg/Textbrush_0.1.0_aarch64.dmg)
     Running bundle_dmg.sh
failed to bundle project: error running bundle_dmg.sh: `failed to run /private/tmp/textbrush-validation-4baE03/src-tauri/target/aarch64-apple-darwin/release/bundle/dmg/bundle_dmg.sh`
       Error failed to bundle project: error running bundle_dmg.sh: `failed to run /private/tmp/textbrush-validation-4baE03/src-tauri/target/aarch64-apple-darwin/release/bundle/dmg/bundle_dmg.sh`
make: *** [package] Error 1
