   Compiling cfg-if v1.0.4
   Compiling memchr v2.7.6
   Compiling siphasher v1.0.1
   Compiling zerocopy v0.8.33
   Compiling smallvec v1.15.1
   Compiling itoa v1.0.17
   Compiling libc v0.2.179
    Checking serde_core v1.0.228
   Compiling fnv v1.0.7
   Compiling writeable v0.6.2
   Compiling litemap v0.8.1
   Compiling zerofrom v0.1.6
   Compiling zmij v1.0.12
   Compiling getrandom v0.3.4
   Compiling icu_normalizer_data v2.1.1
   Compiling icu_properties_data v2.1.2
   Compiling darling_core v0.21.3
   Compiling yoke v0.8.1
   Compiling byteorder v1.5.0
   Compiling phf_shared v0.11.3
   Compiling winnow v1.0.4
    Checking stable_deref_trait v1.2.1
   Compiling serde_spanned v1.0.4
   Compiling toml_writer v1.0.6+spec-1.1.0
   Compiling winnow v0.7.14
   Compiling toml_datetime v0.7.5+spec-1.1.0
   Compiling log v0.4.29
   Compiling zerovec v0.11.5
   Compiling zerotrie v0.2.3
   Compiling serde_json v1.0.149
   Compiling num-conv v0.1.0
   Compiling utf8_iter v1.0.4
   Compiling time-core v0.1.6
   Compiling bitflags v1.3.2
   Compiling getrandom v0.2.16
   Compiling getrandom v0.1.16
   Compiling toml_parser v1.1.3+spec-1.1.0
   Compiling parking_lot_core v0.9.12
   Compiling aho-corasick v1.1.4
   Compiling form_urlencoded v1.2.2
   Compiling unic-char-range v0.9.0
   Compiling rand_core v0.6.4
   Compiling hashbrown v0.16.1
   Compiling rand_core v0.5.1
   Compiling parking_lot v0.12.5
   Compiling regex-syntax v0.8.8
   Compiling uuid v1.19.0
   Compiling unic-common v0.9.0
   Compiling tinystr v0.8.2
   Compiling potential_utf v0.1.4
   Compiling alloc-no-stdlib v2.0.4
   Compiling rand_pcg v0.2.1
   Compiling equivalent v1.0.2
   Compiling icu_collections v2.1.1
   Compiling string_cache v0.8.9
   Compiling icu_locale_core v2.1.1
   Compiling alloc-stdlib v0.2.2
   Compiling unic-ucd-version v0.9.0
   Compiling unic-char-property v0.9.0
   Compiling fxhash v0.2.1
   Compiling indexmap v2.12.1
   Compiling typeid v1.0.3
   Compiling brotli-decompressor v5.0.0
   Compiling unic-ucd-ident v0.9.0
   Compiling cfb v0.7.3
   Compiling jsonptr v0.6.3
   Compiling erased-serde v0.4.9
    Checking objc2-exception-helper v0.1.1
   Compiling thiserror v1.0.69
   Compiling toml v0.9.10+spec-1.1.0
   Compiling swift-rs v1.0.7
   Compiling thiserror v2.0.17
    Checking bitflags v2.10.0
    Checking serde v1.0.228
    Checking objc2-encode v4.1.0
   Compiling bytes v1.11.0
   Compiling ppv-lite86 v0.2.21
   Compiling icu_provider v2.1.1
   Compiling same-file v1.0.6
   Compiling dunce v1.0.5
    Checking objc2 v0.6.3
   Compiling infer v0.19.0
   Compiling brotli v8.0.2
   Compiling walkdir v2.5.0
   Compiling serde-untagged v0.1.9
   Compiling icu_properties v2.1.2
   Compiling rand_chacha v0.3.1
   Compiling rand_chacha v0.2.2
   Compiling icu_normalizer v2.1.1
   Compiling cargo_metadata v0.19.2
   Compiling http v1.4.0
   Compiling rand v0.8.5
   Compiling rand v0.7.3
   Compiling json-patch v3.0.1
   Compiling regex-automata v0.4.13
   Compiling anyhow v1.0.100
   Compiling darling_macro v0.21.3
   Compiling glob v0.3.3
   Compiling phf_generator v0.11.3
   Compiling phf_generator v0.8.0
   Compiling phf_generator v0.10.0
   Compiling darling v0.21.3
   Compiling idna_adapter v1.2.1
   Compiling string_cache_codegen v0.5.4
   Compiling phf_codegen v0.11.3
   Compiling phf_codegen v0.8.0
   Compiling phf_macros v0.10.0
   Compiling phf_macros v0.11.3
   Compiling idna v1.1.0
   Compiling powerfmt v0.2.0
    Checking block2 v0.6.2
   Compiling selectors v0.24.0
    Checking objc2-core-foundation v0.3.2
   Compiling deranged v0.5.5
   Compiling quick-xml v0.38.4
   Compiling url v2.5.8
   Compiling base64 v0.22.1
   Compiling markup5ever v0.14.1
   Compiling option-ext v0.2.0
   Compiling embed-resource v3.0.6
   Compiling serde_with_macros v3.16.1
   Compiling dirs-sys v0.5.0
    Checking percent-encoding v2.3.2
   Compiling heck v0.5.0
   Compiling phf v0.11.3
   Compiling phf v0.10.1
   Compiling schemars v0.8.22
   Compiling dirs v6.0.0
   Compiling tauri-winres v0.3.5
   Compiling cargo_toml v0.22.3
    Checking objc2-foundation v0.3.2
   Compiling regex v1.12.2
   Compiling simd-adler32 v0.3.8
   Compiling time v0.3.44
   Compiling time-macros v0.2.24
   Compiling urlpattern v0.3.0
   Compiling serde_with v3.16.1
    Checking raw-window-handle v0.6.2
   Compiling adler2 v2.0.1
   Compiling miniz_oxide v0.8.9
   Compiling crc32fast v1.5.0
    Checking dpi v0.1.2
   Compiling cssparser v0.29.6
   Compiling plist v1.8.0
    Checking core-foundation-sys v0.8.7
   Compiling flate2 v1.1.5
    Checking core-foundation v0.10.1
    Checking crossbeam-utils v0.8.21
   Compiling fdeflate v0.3.7
    Checking foreign-types-shared v0.3.1
    Checking once_cell v1.21.3
   Compiling png v0.17.16
    Checking foreign-types v0.5.0
    Checking crossbeam-channel v0.5.15
   Compiling toml v1.0.6+spec-1.1.0
    Checking core-graphics-types v0.2.0
   Compiling cpufeatures v0.2.17
    Checking semver v1.0.27
   Compiling html5ever v0.29.1
   Compiling sha2 v0.10.9
    Checking core-graphics v0.24.0
    Checking objc2-app-kit v0.3.2
    Checking unicode-segmentation v1.12.0
    Checking dispatch v0.2.0
    Checking lazy_static v1.5.0
   Compiling ico v0.5.0
    Checking scopeguard v1.2.0
    Checking pin-project-lite v0.2.16
    Checking keyboard-types v0.7.0
    Checking tokio v1.49.0
   Compiling kuchikiki v0.8.8-speedreader
    Checking cookie v0.18.1
    Checking serialize-to-javascript v0.1.2
    Checking embed_plist v1.2.2
    Checking mime v0.3.17
    Checking http-range v0.1.5
    Checking dispatch2 v0.3.0
    Checking errno v0.3.14
    Checking fastrand v2.3.0
    Checking rustix v1.1.3
   Compiling tauri-utils v2.8.3
    Checking tempfile v3.24.0
    Checking objc2-web-kit v0.3.2
    Checking tao v0.34.5
    Checking muda v0.17.1
    Checking window-vibrancy v0.6.0
    Checking rfd v0.16.0
    Checking wry v0.54.2
    Checking tauri-runtime v2.10.1
    Checking tauri-runtime-wry v2.10.1
   Compiling tauri-build v2.5.6
   Compiling tauri-plugin v2.5.4
   Compiling tauri-codegen v2.5.5
   Compiling tauri v2.10.3
   Compiling tauri-plugin-fs v2.5.2
   Compiling tauri-macros v2.5.5
   Compiling tauri-plugin-dialog v2.7.3
   Compiling textbrush v0.1.0 (/private/tmp/textbrush-validation-4baE03/src-tauri)
    Finished `dev` profile [unoptimized + debuginfo] target(s) in 10.99s
