   Compiling serde_core v1.0.228
    Checking stable_deref_trait v1.2.1
    Checking zerofrom v0.1.6
   Compiling objc2-exception-helper v0.1.1
   Compiling serde v1.0.228
   Compiling libc v0.2.179
    Checking objc2-encode v4.1.0
    Checking memchr v2.7.6
    Checking litemap v0.8.1
    Checking writeable v0.6.2
    Checking itoa v1.0.17
   Compiling icu_properties_data v2.1.2
   Compiling icu_normalizer_data v2.1.1
    Checking smallvec v1.15.1
   Compiling zmij v1.0.12
    Checking percent-encoding v2.3.2
    Checking utf8_iter v1.0.4
    Checking yoke v0.8.1
   Compiling serde_json v1.0.149
    Checking powerfmt v0.2.0
   Compiling typeid v1.0.3
    Checking form_urlencoded v1.2.2
   Compiling thiserror v2.0.17
    Checking regex-syntax v0.8.8
    Checking zerovec v0.11.5
    Checking zerotrie v0.2.3
    Checking unic-char-range v0.9.0
    Checking deranged v0.5.5
    Checking unic-common v0.9.0
    Checking aho-corasick v1.1.4
    Checking cfg-if v1.0.4
    Checking bytes v1.11.0
    Checking alloc-no-stdlib v2.0.4
    Checking time-core v0.1.6
    Checking tinystr v0.8.2
    Checking potential_utf v0.1.4
    Checking icu_collections v2.1.1
    Checking icu_locale_core v2.1.1
    Checking num-conv v0.1.0
    Checking raw-window-handle v0.6.2
    Checking alloc-stdlib v0.2.2
    Checking unic-ucd-version v0.9.0
    Checking unic-char-property v0.9.0
   Compiling crossbeam-utils v0.8.21
   Compiling thiserror v1.0.69
    Checking time v0.3.44
   Compiling erased-serde v0.4.9
   Compiling objc2 v0.6.3
    Checking icu_provider v2.1.1
    Checking byteorder v1.5.0
    Checking regex-automata v0.4.13
    Checking log v0.4.29
    Checking siphasher v1.0.1
    Checking simd-adler32 v0.3.8
    Checking winnow v1.0.4
    Checking fnv v1.0.7
    Checking core-foundation-sys v0.8.7
    Checking bitflags v2.10.0
    Checking uuid v1.19.0
    Checking toml_parser v1.1.3+spec-1.1.0
    Checking serde_spanned v1.0.4
    Checking toml_datetime v0.7.5+spec-1.1.0
    Checking cfb v0.7.3
    Checking dpi v0.1.2
    Checking phf_shared v0.11.3
    Checking unic-ucd-ident v0.9.0
    Checking core-foundation v0.10.1
   Compiling cookie v0.18.1
    Checking brotli-decompressor v5.0.0
    Checking http v1.4.0
    Checking icu_properties v2.1.2
   Compiling crc32fast v1.5.0
   Compiling anyhow v1.0.100
    Checking icu_normalizer v2.1.1
    Checking option-ext v0.2.0
    Checking regex v1.12.2
    Checking foreign-types-shared v0.3.1
    Checking same-file v1.0.6
    Checking adler2 v2.0.1
    Checking winnow v0.7.14
    Checking toml_writer v1.0.6+spec-1.1.0
    Checking once_cell v1.21.3
    Checking idna_adapter v1.2.1
    Checking miniz_oxide v0.8.9
    Checking idna v1.1.0
    Checking walkdir v2.5.0
    Checking foreign-types v0.5.0
    Checking brotli v8.0.2
    Checking dirs-sys v0.5.0
    Checking url v2.5.8
    Checking core-graphics-types v0.2.0
   Compiling tauri v2.10.3
    Checking infer v0.19.0
    Checking phf v0.11.3
    Checking serde_with v3.16.1
    Checking glob v0.3.3
    Checking semver v1.0.27
    Checking urlpattern v0.3.0
    Checking dunce v1.0.5
   Compiling wry v0.54.2
    Checking toml v0.9.10+spec-1.1.0
   Compiling tauri-runtime v2.10.1
    Checking core-graphics v0.24.0
    Checking jsonptr v0.6.3
    Checking dirs v6.0.0
    Checking fdeflate v0.3.7
   Compiling getrandom v0.3.4
    Checking scopeguard v1.2.0
    Checking lazy_static v1.5.0
    Checking equivalent v1.0.2
    Checking unicode-segmentation v1.12.0
    Checking hashbrown v0.16.1
    Checking bitflags v1.3.2
    Checking dispatch v0.2.0
   Compiling tauri-runtime-wry v2.10.1
    Checking quick-xml v0.38.4
    Checking keyboard-types v0.7.0
    Checking indexmap v2.12.1
    Checking pin-project-lite v0.2.16
    Checking base64 v0.22.1
    Checking tokio v1.49.0
    Checking crossbeam-channel v0.5.15
    Checking serialize-to-javascript v0.1.2
    Checking plist v1.8.0
    Checking heck v0.5.0
    Checking embed_plist v1.2.2
    Checking http-range v0.1.5
    Checking json-patch v3.0.1
    Checking mime v0.3.17
   Compiling rustix v1.1.3
   Compiling rfd v0.16.0
    Checking errno v0.3.14
   Compiling textbrush v0.1.0 (/private/tmp/textbrush-validation-4baE03/src-tauri)
    Checking fastrand v2.3.0
    Checking serde-untagged v0.1.9
    Checking objc2-core-foundation v0.3.2
    Checking block2 v0.6.2
    Checking dispatch2 v0.3.0
    Checking flate2 v1.1.5
    Checking png v0.17.16
    Checking objc2-foundation v0.3.2
    Checking tauri-utils v2.8.3
   Compiling tauri-plugin-fs v2.5.2
    Checking objc2-app-kit v0.3.2
    Checking tempfile v3.24.0
   Compiling tauri-plugin-dialog v2.7.3
    Checking objc2-web-kit v0.3.2
    Checking tao v0.34.5
    Checking window-vibrancy v0.6.0
    Checking muda v0.17.1
    Finished `release` profile [optimized] target(s) in 10.00s
