Using Python 3.13.11 environment at: runtime with spaces
Resolved 39 packages in 620ms
Downloading networkx (2.0MiB)
Downloading sentencepiece (1.3MiB)
Downloading transformers (11.4MiB)
 Downloaded sentencepiece
 Downloaded networkx
 Downloaded transformers
Prepared 8 packages in 1.27s
Installed 39 packages in 419ms
 + accelerate==0.34.2
 + anyio==4.15.1
 + certifi==2026.7.22
 + charset-normalizer==3.5.1
 + diffusers==0.39.0
 + filelock==4.0.4
 + fsspec==2026.9.0
 + h11==0.16.0
 + hf-xet==1.6.0
 + httpcore==1.0.9
 + httpx==0.28.1
 + huggingface-hub==0.36.2
 + idna==3.20
 + importlib-metadata==9.0.1
 + jinja2==3.1.6
 + markupsafe==3.0.3
 + mpmath==1.3.0
 + networkx==3.7
 + numpy==2.5.3
 + packaging==26.3
 + pillow==10.4.0
 + protobuf==7.36.2
 + psutil==7.2.2
 + pyyaml==6.0.3
 + regex==2026.9.10
 + requests==2.34.2
 + safetensors==0.8.0
 + sentencepiece==0.2.2
 + setuptools==84.0.0
 + sympy==1.14.0
 + textbrush==0.1.0 (from file:///private/tmp/textbrush-validation-4baE03/wheels/textbrush-0.1.0-py3-none-any.whl)
 + tokenizers==0.22.2
 + tomli-w==1.2.0
 + torch==2.14.0
 + tqdm==4.70.1
 + transformers==4.57.6
 + typing-extensions==4.16.0
 + urllib3==2.8.0
 + zipp==4.1.0
