architecture: x86_64

A module that was compiled using NumPy 1.x cannot be run in
NumPy 2.5.3 as it may crash. To support both 1.x and 2.x
versions of NumPy, modules must be compiled with NumPy 2.0.
Some module may need to rebuild instead e.g. with 'pybind11>=2.12'.

If you are a user of the module, the easiest solution will be to
downgrade to 'numpy<2' or try to upgrade the affected module.
We expect that some modules will need time to support NumPy 2.

Traceback (most recent call last):  File "<stdin>", line 8, in <module>
  File "/private/tmp/textbrush-intel-python/runtime312 with spaces/lib/python3.12/site-packages/torch/__init__.py", line 1477, in <module>
    from .functional import *  # noqa: F403
  File "/private/tmp/textbrush-intel-python/runtime312 with spaces/lib/python3.12/site-packages/torch/functional.py", line 9, in <module>
    import torch.nn.functional as F
  File "/private/tmp/textbrush-intel-python/runtime312 with spaces/lib/python3.12/site-packages/torch/nn/__init__.py", line 1, in <module>
    from .modules import *  # noqa: F403
  File "/private/tmp/textbrush-intel-python/runtime312 with spaces/lib/python3.12/site-packages/torch/nn/modules/__init__.py", line 35, in <module>
    from .transformer import TransformerEncoder, TransformerDecoder, \
  File "/private/tmp/textbrush-intel-python/runtime312 with spaces/lib/python3.12/site-packages/torch/nn/modules/transformer.py", line 20, in <module>
    device: torch.device = torch.device(torch._C._get_default_device()),  # torch.device('cpu'),
/private/tmp/textbrush-intel-python/runtime312 with spaces/lib/python3.12/site-packages/torch/nn/modules/transformer.py:20: UserWarning: Failed to initialize NumPy: _ARRAY_API not found (Triggered internally at /Users/runner/work/pytorch/pytorch/pytorch/torch/csrc/utils/tensor_numpy.cpp:84.)
  device: torch.device = torch.device(torch._C._get_default_device()),  # torch.device('cpu'),
torch: 2.2.2 numpy: 2.5.3
Traceback (most recent call last):
  File "<stdin>", line 10, in <module>
RuntimeError: Numpy is not available
Traceback (most recent call last):
  File "<stdin>", line 16, in <module>
  File "/private/tmp/textbrush-intel-python/cpython-3.12.13-macos-x86_64-none/lib/python3.12/importlib/__init__.py", line 90, in import_module
    return _bootstrap._gcd_import(name[level:], package, level)
           ^^^^^^^^^^^^^^^^^^^^^^^^^^^^^^^^^^^^^^^^^^^^^^^^^^^^
  File "<frozen importlib._bootstrap>", line 1387, in _gcd_import
  File "<frozen importlib._bootstrap>", line 1360, in _find_and_load
  File "<frozen importlib._bootstrap>", line 1331, in _find_and_load_unlocked
  File "<frozen importlib._bootstrap>", line 935, in _load_unlocked
  File "<frozen importlib._bootstrap_external>", line 999, in exec_module
  File "<frozen importlib._bootstrap>", line 488, in _call_with_frames_removed
  File "/private/tmp/textbrush-intel-python/runtime312 with spaces/lib/python3.12/site-packages/diffusers/__init__.py", line 5, in <module>
    from .utils import (
  File "/private/tmp/textbrush-intel-python/runtime312 with spaces/lib/python3.12/site-packages/diffusers/utils/__init__.py", line 139, in <module>
    from .peft_utils import (
  File "/private/tmp/textbrush-intel-python/runtime312 with spaces/lib/python3.12/site-packages/diffusers/utils/peft_utils.py", line 26, in <module>
    from .torch_utils import empty_device_cache
  File "/private/tmp/textbrush-intel-python/runtime312 with spaces/lib/python3.12/site-packages/diffusers/utils/torch_utils.py", line 52, in <module>
    "xpu": torch.xpu.empty_cache,
           ^^^^^^^^^
  File "/private/tmp/textbrush-intel-python/runtime312 with spaces/lib/python3.12/site-packages/torch/__init__.py", line 1938, in __getattr__
    raise AttributeError(f"module '{__name__}' has no attribute '{name}'")
AttributeError: module 'torch' has no attribute 'xpu'
Traceback (most recent call last):
  File "<stdin>", line 16, in <module>
  File "/private/tmp/textbrush-intel-python/cpython-3.12.13-macos-x86_64-none/lib/python3.12/importlib/__init__.py", line 90, in import_module
    return _bootstrap._gcd_import(name[level:], package, level)
           ^^^^^^^^^^^^^^^^^^^^^^^^^^^^^^^^^^^^^^^^^^^^^^^^^^^^
  File "<frozen importlib._bootstrap>", line 1387, in _gcd_import
  File "<frozen importlib._bootstrap>", line 1360, in _find_and_load
  File "<frozen importlib._bootstrap>", line 1331, in _find_and_load_unlocked
  File "<frozen importlib._bootstrap>", line 935, in _load_unlocked
  File "<frozen importlib._bootstrap_external>", line 999, in exec_module
  File "<frozen importlib._bootstrap>", line 488, in _call_with_frames_removed
  File "/private/tmp/textbrush-intel-python/runtime312 with spaces/lib/python3.12/site-packages/diffusers/__init__.py", line 5, in <module>
    from .utils import (
  File "/private/tmp/textbrush-intel-python/runtime312 with spaces/lib/python3.12/site-packages/diffusers/utils/__init__.py", line 139, in <module>
    from .peft_utils import (
  File "/private/tmp/textbrush-intel-python/runtime312 with spaces/lib/python3.12/site-packages/diffusers/utils/peft_utils.py", line 26, in <module>
    from .torch_utils import empty_device_cache
  File "/private/tmp/textbrush-intel-python/runtime312 with spaces/lib/python3.12/site-packages/diffusers/utils/torch_utils.py", line 52, in <module>
    "xpu": torch.xpu.empty_cache,
           ^^^^^^^^^
  File "/private/tmp/textbrush-intel-python/runtime312 with spaces/lib/python3.12/site-packages/torch/__init__.py", line 1938, in __getattr__
    raise AttributeError(f"module '{__name__}' has no attribute '{name}'")
AttributeError: module 'torch' has no attribute 'xpu'
Traceback (most recent call last):
  File "<stdin>", line 16, in <module>
  File "/private/tmp/textbrush-intel-python/cpython-3.12.13-macos-x86_64-none/lib/python3.12/importlib/__init__.py", line 90, in import_module
    return _bootstrap._gcd_import(name[level:], package, level)
           ^^^^^^^^^^^^^^^^^^^^^^^^^^^^^^^^^^^^^^^^^^^^^^^^^^^^
  File "<frozen importlib._bootstrap>", line 1387, in _gcd_import
  File "<frozen importlib._bootstrap>", line 1360, in _find_and_load
  File "<frozen importlib._bootstrap>", line 1331, in _find_and_load_unlocked
  File "<frozen importlib._bootstrap>", line 935, in _load_unlocked
  File "<frozen importlib._bootstrap_external>", line 999, in exec_module
  File "<frozen importlib._bootstrap>", line 488, in _call_with_frames_removed
  File "/private/tmp/textbrush-intel-python/runtime312 with spaces/lib/python3.12/site-packages/diffusers/__init__.py", line 5, in <module>
    from .utils import (
  File "/private/tmp/textbrush-intel-python/runtime312 with spaces/lib/python3.12/site-packages/diffusers/utils/__init__.py", line 139, in <module>
    from .peft_utils import (
  File "/private/tmp/textbrush-intel-python/runtime312 with spaces/lib/python3.12/site-packages/diffusers/utils/peft_utils.py", line 26, in <module>
    from .torch_utils import empty_device_cache
  File "/private/tmp/textbrush-intel-python/runtime312 with spaces/lib/python3.12/site-packages/diffusers/utils/torch_utils.py", line 52, in <module>
    "xpu": torch.xpu.empty_cache,
           ^^^^^^^^^
  File "/private/tmp/textbrush-intel-python/runtime312 with spaces/lib/python3.12/site-packages/torch/__init__.py", line 1938, in __getattr__
    raise AttributeError(f"module '{__name__}' has no attribute '{name}'")
AttributeError: module 'torch' has no attribute 'xpu'
