Using Python 3.13.11 environment at: /private/tmp/textbrush-intel-python/runtime with spaces
  × No solution found when resolving dependencies:
  ╰─▶ Because only the following versions of torch are available:
          torch<=2.0.0
          torch==2.0.1
          torch==2.1.0
          torch==2.1.1
          torch==2.1.2
          torch==2.2.0
          torch==2.2.1
          torch==2.2.2
          torch==2.3.0
          torch==2.3.1
          torch==2.4.0
          torch==2.4.1
          torch==2.5.0
          torch==2.5.1
          torch==2.6.0
          torch==2.7.0
          torch==2.7.1
          torch==2.8.0
          torch==2.9.0
          torch==2.9.1
          torch==2.10.0
          torch==2.11.0
          torch==2.12.0
          torch==2.12.1
          torch==2.13.0
          torch==2.14.0
      and torch>=2.0.0,<=2.4.1 has no wheels with a matching Python ABI tag
      (e.g., `cp313`), we can conclude that torch>=2.0.0,<=2.4.1 cannot be
      used.
      And because torch>=2.5.0 has no wheels with a matching platform tag
      (e.g., `macosx_26_0_x86_64`) and textbrush[model]==0.1.0 depends on
      torch>=2.0.0, we can conclude that textbrush[model]==0.1.0 cannot be
      used.
      And because only textbrush[model]==0.1.0 is available and you
      require textbrush[model], we can conclude that your requirements are
      unsatisfiable.

hint: You require CPython 3.13 (`cp313`), but we only found wheels for `torch` (v2.4.1) with the following Python ABI tags: `cp38`, `cp39`, `cp310`, `cp311`, `cp312`
hint: Wheels are available for `torch` (v2.14.0) on the following platforms: `manylinux_2_28_aarch64`, `manylinux_2_28_x86_64`, `macosx_14_0_arm64`, `win_amd64`
