architecture: x86_64 torch: 2.2.2 numpy: 1.26.4
NumPy bridge: tensor([[0., 0.],
        [0., 0.]])
Traceback (most recent call last):
  File "<stdin>", line 8, in <module>
  File "/private/tmp/textbrush-intel-python/cpython-3.12.13-macos-x86_64-none/lib/python3.12/importlib/__init__.py", line 90, in import_module
    return _bootstrap._gcd_import(name[level:], package, level)
           ^^^^^^^^^^^^^^^^^^^^^^^^^^^^^^^^^^^^^^^^^^^^^^^^^^^^
  File "<frozen importlib._bootstrap>", line 1387, in _gcd_import
  File "<frozen importlib._bootstrap>", line 1360, in _find_and_load
  File "<frozen importlib._bootstrap>", line 1331, in _find_and_load_unlocked
  File "<frozen importlib._bootstrap>", line 935, in _load_unlocked
  File "<frozen importlib._bootstrap_external>", line 999, in exec_module
  File "<frozen importlib._bootstrap>", line 488, in _call_with_frames_removed
  File "/private/tmp/textbrush-intel-python/runtime312 with spaces/lib/python3.12/site-packages/diffusers/__init__.py", line 5, in <module>
    from .utils import (
  File "/private/tmp/textbrush-intel-python/runtime312 with spaces/lib/python3.12/site-packages/diffusers/utils/__init__.py", line 132, in <module>
    from .peft_utils import (
  File "/private/tmp/textbrush-intel-python/runtime312 with spaces/lib/python3.12/site-packages/diffusers/utils/peft_utils.py", line 26, in <module>
    from .torch_utils import empty_device_cache
  File "/private/tmp/textbrush-intel-python/runtime312 with spaces/lib/python3.12/site-packages/diffusers/utils/torch_utils.py", line 34, in <module>
    "xpu": torch.xpu.empty_cache,
           ^^^^^^^^^
  File "/private/tmp/textbrush-intel-python/runtime312 with spaces/lib/python3.12/site-packages/torch/__init__.py", line 1938, in __getattr__
    raise AttributeError(f"module '{__name__}' has no attribute '{name}'")
AttributeError: module 'torch' has no attribute 'xpu'
Traceback (most recent call last):
  File "<stdin>", line 8, in <module>
  File "/private/tmp/textbrush-intel-python/cpython-3.12.13-macos-x86_64-none/lib/python3.12/importlib/__init__.py", line 90, in import_module
    return _bootstrap._gcd_import(name[level:], package, level)
           ^^^^^^^^^^^^^^^^^^^^^^^^^^^^^^^^^^^^^^^^^^^^^^^^^^^^
  File "<frozen importlib._bootstrap>", line 1387, in _gcd_import
  File "<frozen importlib._bootstrap>", line 1360, in _find_and_load
  File "<frozen importlib._bootstrap>", line 1331, in _find_and_load_unlocked
  File "<frozen importlib._bootstrap>", line 935, in _load_unlocked
  File "<frozen importlib._bootstrap_external>", line 999, in exec_module
  File "<frozen importlib._bootstrap>", line 488, in _call_with_frames_removed
  File "/private/tmp/textbrush-intel-python/runtime312 with spaces/lib/python3.12/site-packages/diffusers/__init__.py", line 5, in <module>
    from .utils import (
  File "/private/tmp/textbrush-intel-python/runtime312 with spaces/lib/python3.12/site-packages/diffusers/utils/__init__.py", line 132, in <module>
    from .peft_utils import (
  File "/private/tmp/textbrush-intel-python/runtime312 with spaces/lib/python3.12/site-packages/diffusers/utils/peft_utils.py", line 26, in <module>
    from .torch_utils import empty_device_cache
  File "/private/tmp/textbrush-intel-python/runtime312 with spaces/lib/python3.12/site-packages/diffusers/utils/torch_utils.py", line 34, in <module>
    "xpu": torch.xpu.empty_cache,
           ^^^^^^^^^
  File "/private/tmp/textbrush-intel-python/runtime312 with spaces/lib/python3.12/site-packages/torch/__init__.py", line 1938, in __getattr__
    raise AttributeError(f"module '{__name__}' has no attribute '{name}'")
AttributeError: module 'torch' has no attribute 'xpu'
Traceback (most recent call last):
  File "<stdin>", line 8, in <module>
  File "/private/tmp/textbrush-intel-python/cpython-3.12.13-macos-x86_64-none/lib/python3.12/importlib/__init__.py", line 90, in import_module
    return _bootstrap._gcd_import(name[level:], package, level)
           ^^^^^^^^^^^^^^^^^^^^^^^^^^^^^^^^^^^^^^^^^^^^^^^^^^^^
  File "<frozen importlib._bootstrap>", line 1387, in _gcd_import
  File "<frozen importlib._bootstrap>", line 1360, in _find_and_load
  File "<frozen importlib._bootstrap>", line 1331, in _find_and_load_unlocked
  File "<frozen importlib._bootstrap>", line 935, in _load_unlocked
  File "<frozen importlib._bootstrap_external>", line 999, in exec_module
  File "<frozen importlib._bootstrap>", line 488, in _call_with_frames_removed
  File "/private/tmp/textbrush-intel-python/runtime312 with spaces/lib/python3.12/site-packages/diffusers/__init__.py", line 5, in <module>
    from .utils import (
  File "/private/tmp/textbrush-intel-python/runtime312 with spaces/lib/python3.12/site-packages/diffusers/utils/__init__.py", line 132, in <module>
    from .peft_utils import (
  File "/private/tmp/textbrush-intel-python/runtime312 with spaces/lib/python3.12/site-packages/diffusers/utils/peft_utils.py", line 26, in <module>
    from .torch_utils import empty_device_cache
  File "/private/tmp/textbrush-intel-python/runtime312 with spaces/lib/python3.12/site-packages/diffusers/utils/torch_utils.py", line 34, in <module>
    "xpu": torch.xpu.empty_cache,
           ^^^^^^^^^
  File "/private/tmp/textbrush-intel-python/runtime312 with spaces/lib/python3.12/site-packages/torch/__init__.py", line 1938, in __getattr__
    raise AttributeError(f"module '{__name__}' has no attribute '{name}'")
AttributeError: module 'torch' has no attribute 'xpu'
